      candidate       | rank | symbol |    name    |  mom   | signal_close |     sma50      |    sma200     | sma200_prior  
----------------------+------+--------+------------+--------+--------------+----------------+---------------+---------------
 trend_momentum       |    1 | 010170 | 대한광통신 | 7.5048 |        17800 | 13405.800000   | 11230.675000  | 9863.835000
 trend_momentum       |    2 | 009150 | 삼성전기   | 6.3045 |      1572000 | 1361900.000000 | 958220.000000 | 838617.500000
 trend_momentum       |    3 | 000500 | 가온전선   | 5.1451 |       328500 | 210922.000000  | 136846.480000 | 113361.155000
 quality_growth_trend |    1 | 009150 | 삼성전기   | 6.3045 |      1572000 | 1361900.000000 | 958220.000000 | 838617.500000
 quality_growth_trend |    2 | 000500 | 가온전선   | 5.1451 |       328500 | 210922.000000  | 136846.480000 | 113361.155000
 quality_growth_trend |    3 | 131290 | 티에스이   | 3.9391 |       289500 | 241114.000000  | 166626.500000 | 145404.250000
(6 rows)

 rank | symbol |  latest_q  | latest_filing |        ttm_rev        |       prior_rev       |  rev_g   |       ttm_ni        |      prior_ni       |   ni_g   
------+--------+------------+---------------+-----------------------+-----------------------+----------+---------------------+---------------------+----------
    1 | 009150 | 2026-06-30 | 2026-08-14    | 11987034926014.000000 | 10498599635871.000000 | 0.141775 | 922054381757.000000 | 659075394396.000000 | 0.399012
    2 | 000500 | 2026-06-30 | 2026-08-14    | 2771798762000.000000  | 1960414453048.000000  | 0.413884 | 59940606000.000000  | 32824967975.000000  | 0.826067
    3 | 131290 | 2026-06-30 | 2026-08-14    | 500063649707.000000   | 389618332767.000000   | 0.283471 | 77849979595.000000  | 41004202911.000000  | 0.898585
(3 rows)

      candidate       | count | min | max 
----------------------+-------+-----+-----
 trend_momentum       |    20 |   1 |  20
 quality_growth_trend |    20 |   1 |  20
(2 rows)

 id |  status   | signal_session_date | evaluated_count | n_symbols 
----+-----------+---------------------+-----------------+-----------
  1 | completed | 2026-10-02          |             852 |       852
  2 | completed | 2026-10-02          |             852 |       852
(2 rows)

