2026-10-05 02:48:50,714 - app.monitoring.sentry - INFO - Sentry disabled: SENTRY_DSN is empty
{
  "basis": {
    "benchmark": "equal_weight_all_evaluated_symbols_same_session",
    "cohortCadence": "last_trading_session_of_iso_week",
    "costs": {
      "buyFeeRate": "0.000150",
      "sellFeeRate": "0.000150",
      "sellTaxRate": "0.001800",
      "slippageRatePerSide": "0.001000"
    },
    "excessReturn": "cohort_mean_net_minus_benchmark_mean_net",
    "exit": "virtual_close_of_horizon_session_entry_day_is_1",
    "fill": "virtual_next_session_open",
    "horizons": [
      20,
      60,
      120
    ],
    "mode": "SHADOW",
    "notice": "주문 없는 SHADOW 관측이다. 성과는 코호트 세션 다음 유효 거래일 시가에 가상으로 진입했다고 가정한 가상 성과이며 실제 체결·계좌 수익이 아니다. 수익성 입증이 아니며 표본 부족 표기는 연구용 advisory일 뿐 매매·승격 gate가 아니다. 기간 단위는 달력일이 아니라 거래일이다. 코호트는 매주 시작하는 격자형이라 보유 기간이 겹치는 코호트 간 성과는 독립 표본이 아니다.",
    "orders": "none",
    "outcomeConfigFingerprint": "766c159dd595c0a621fa1c36e1e54e497d08c50e576b3f38411bcfd6e92ff7b3",
    "weighting": "equal_weight_mature_members"
  },
  "cohortDetails": [
    {
      "benchmark": {
        "matureCount": 0,
        "meanGrossReturn": null,
        "meanMae": null,
        "meanMfe": null,
        "meanNetReturn": null,
        "members": 852,
        "state": "pending",
        "statusCounts": {
          "bar_missing": 0,
          "calendar_unavailable": 0,
          "entry_missing": 0,
          "entry_untradable": 0,
          "exit_untradable": 0,
          "invalid_bar": 0,
          "mature": 0,
          "pending": 852,
          "price_discontinuity": 0
        },
        "universeSymbols": 852
      },
      "candidate": "trend_momentum",
      "cohort": {
        "matureCount": 0,
        "meanGrossReturn": null,
        "meanMae": null,
        "meanMfe": null,
        "meanNetReturn": null,
        "members": 20,
        "state": "pending",
        "statusCounts": {
          "bar_missing": 0,
          "calendar_unavailable": 0,
          "entry_missing": 0,
          "entry_untradable": 0,
          "exit_untradable": 0,
          "invalid_bar": 0,
          "mature": 0,
          "pending": 20,
          "price_discontinuity": 0
        }
      },
      "configFingerprint": "766c159dd595c0a621fa1c36e1e54e497d08c50e576b3f38411bcfd6e92ff7b3",
      "excessReturn": null,
      "horizon": 20,
      "signalSession": "2026-10-02"
    },
    {
      "benchmark": {
        "matureCount": 0,
        "meanGrossReturn": null,
        "meanMae": null,
        "meanMfe": null,
        "meanNetReturn": null,
        "members": 852,
        "state": "pending",
        "statusCounts": {
          "bar_missing": 0,
          "calendar_unavailable": 0,
          "entry_missing": 0,
          "entry_untradable": 0,
          "exit_untradable": 0,
          "invalid_bar": 0,
          "mature": 0,
          "pending": 852,
          "price_discontinuity": 0
        },
        "universeSymbols": 852
      },
      "candidate": "trend_momentum",
      "cohort": {
        "matureCount": 0,
        "meanGrossReturn": null,
        "meanMae": null,
        "meanMfe": null,
        "meanNetReturn": null,
        "members": 20,
        "state": "pending",
        "statusCounts": {
          "bar_missing": 0,
          "calendar_unavailable": 0,
          "entry_missing": 0,
          "entry_untradable": 0,
          "exit_untradable": 0,
          "invalid_bar": 0,
          "mature": 0,
          "pending": 20,
          "price_discontinuity": 0
        }
      },
      "configFingerprint": "766c159dd595c0a621fa1c36e1e54e497d08c50e576b3f38411bcfd6e92ff7b3",
      "excessReturn": null,
      "horizon": 60,
      "signalSession": "2026-10-02"
    },
    {
      "benchmark": {
        "matureCount": 0,
        "meanGrossReturn": null,
        "meanMae": null,
        "meanMfe": null,
        "meanNetReturn": null,
        "members": 852,
        "state": "pending",
        "statusCounts": {
          "bar_missing": 0,
          "calendar_unavailable": 0,
          "entry_missing": 0,
          "entry_untradable": 0,
          "exit_untradable": 0,
          "invalid_bar": 0,
          "mature": 0,
          "pending": 852,
          "price_discontinuity": 0
        },
        "universeSymbols": 852
      },
      "candidate": "trend_momentum",
      "cohort": {
        "matureCount": 0,
        "meanGrossReturn": null,
        "meanMae": null,
        "meanMfe": null,
        "meanNetReturn": null,
        "members": 20,
        "state": "pending",
        "statusCounts": {
          "bar_missing": 0,
          "calendar_unavailable": 0,
          "entry_missing": 0,
          "entry_untradable": 0,
          "exit_untradable": 0,
          "invalid_bar": 0,
          "mature": 0,
          "pending": 20,
          "price_discontinuity": 0
        }
      },
      "configFingerprint": "766c159dd595c0a621fa1c36e1e54e497d08c50e576b3f38411bcfd6e92ff7b3",
      "excessReturn": null,
      "horizon": 120,
      "signalSession": "2026-10-02"
    },
    {
      "benchmark": {
        "matureCount": 0,
        "meanGrossReturn": null,
        "meanMae": null,
        "meanMfe": null,
        "meanNetReturn": null,
        "members": 852,
        "state": "pending",
        "statusCounts": {
          "bar_missing": 0,
          "calendar_unavailable": 0,
          "entry_missing": 0,
          "entry_untradable": 0,
          "exit_untradable": 0,
          "invalid_bar": 0,
          "mature": 0,
          "pending": 852,
          "price_discontinuity": 0
        },
        "universeSymbols": 852
      },
      "candidate": "quality_growth_trend",
      "cohort": {
        "matureCount": 0,
        "meanGrossReturn": null,
        "meanMae": null,
        "meanMfe": null,
        "meanNetReturn": null,
        "members": 20,
        "state": "pending",
        "statusCounts": {
          "bar_missing": 0,
          "calendar_unavailable": 0,
          "entry_missing": 0,
          "entry_untradable": 0,
          "exit_untradable": 0,
          "invalid_bar": 0,
          "mature": 0,
          "pending": 20,
          "price_discontinuity": 0
        }
      },
      "configFingerprint": "766c159dd595c0a621fa1c36e1e54e497d08c50e576b3f38411bcfd6e92ff7b3",
      "excessReturn": null,
      "horizon": 20,
      "signalSession": "2026-10-02"
    },
    {
      "benchmark": {
        "matureCount": 0,
        "meanGrossReturn": null,
        "meanMae": null,
        "meanMfe": null,
        "meanNetReturn": null,
        "members": 852,
        "state": "pending",
        "statusCounts": {
          "bar_missing": 0,
          "calendar_unavailable": 0,
          "entry_missing": 0,
          "entry_untradable": 0,
          "exit_untradable": 0,
          "invalid_bar": 0,
          "mature": 0,
          "pending": 852,
          "price_discontinuity": 0
        },
        "universeSymbols": 852
      },
      "candidate": "quality_growth_trend",
      "cohort": {
        "matureCount": 0,
        "meanGrossReturn": null,
        "meanMae": null,
        "meanMfe": null,
        "meanNetReturn": null,
        "members": 20,
        "state": "pending",
        "statusCounts": {
          "bar_missing": 0,
          "calendar_unavailable": 0,
          "entry_missing": 0,
          "entry_untradable": 0,
          "exit_untradable": 0,
          "invalid_bar": 0,
          "mature": 0,
          "pending": 20,
          "price_discontinuity": 0
        }
      },
      "configFingerprint": "766c159dd595c0a621fa1c36e1e54e497d08c50e576b3f38411bcfd6e92ff7b3",
      "excessReturn": null,
      "horizon": 60,
      "signalSession": "2026-10-02"
    },
    {
      "benchmark": {
        "matureCount": 0,
        "meanGrossReturn": null,
        "meanMae": null,
        "meanMfe": null,
        "meanNetReturn": null,
        "members": 852,
        "state": "pending",
        "statusCounts": {
          "bar_missing": 0,
          "calendar_unavailable": 0,
          "entry_missing": 0,
          "entry_untradable": 0,
          "exit_untradable": 0,
          "invalid_bar": 0,
          "mature": 0,
          "pending": 852,
          "price_discontinuity": 0
        },
        "universeSymbols": 852
      },
      "candidate": "quality_growth_trend",
      "cohort": {
        "matureCount": 0,
        "meanGrossReturn": null,
        "meanMae": null,
        "meanMfe": null,
        "meanNetReturn": null,
        "members": 20,
        "state": "pending",
        "statusCounts": {
          "bar_missing": 0,
          "calendar_unavailable": 0,
          "entry_missing": 0,
          "entry_untradable": 0,
          "exit_untradable": 0,
          "invalid_bar": 0,
          "mature": 0,
          "pending": 20,
          "price_discontinuity": 0
        }
      },
      "configFingerprint": "766c159dd595c0a621fa1c36e1e54e497d08c50e576b3f38411bcfd6e92ff7b3",
      "excessReturn": null,
      "horizon": 120,
      "signalSession": "2026-10-02"
    }
  ],
  "cohorts": [
    {
      "candidates": {
        "quality_growth_trend": {
          "horizons": {
            "120": {
              "benchmarkStateCounts": {
                "pending": 1
              },
              "cohortStateCounts": {
                "pending": 1
              },
              "cohorts": 1,
              "matureCohorts": 0,
              "minMatureCohortsAdvisory": 12,
              "sampleAdvisory": "insufficient_sample",
              "stats": null
            },
            "20": {
              "benchmarkStateCounts": {
                "pending": 1
              },
              "cohortStateCounts": {
                "pending": 1
              },
              "cohorts": 1,
              "matureCohorts": 0,
              "minMatureCohortsAdvisory": 12,
              "sampleAdvisory": "insufficient_sample",
              "stats": null
            },
            "60": {
              "benchmarkStateCounts": {
                "pending": 1
              },
              "cohortStateCounts": {
                "pending": 1
              },
              "cohorts": 1,
              "matureCohorts": 0,
              "minMatureCohortsAdvisory": 12,
              "sampleAdvisory": "insufficient_sample",
              "stats": null
            }
          },
          "signalBarMissingNow": 0,
          "signalBarRevised": 0,
          "signals": 20
        },
        "trend_momentum": {
          "horizons": {
            "120": {
              "benchmarkStateCounts": {
                "pending": 1
              },
              "cohortStateCounts": {
                "pending": 1
              },
              "cohorts": 1,
              "matureCohorts": 0,
              "minMatureCohortsAdvisory": 12,
              "sampleAdvisory": "insufficient_sample",
              "stats": null
            },
            "20": {
              "benchmarkStateCounts": {
                "pending": 1
              },
              "cohortStateCounts": {
                "pending": 1
              },
              "cohorts": 1,
              "matureCohorts": 0,
              "minMatureCohortsAdvisory": 12,
              "sampleAdvisory": "insufficient_sample",
              "stats": null
            },
            "60": {
              "benchmarkStateCounts": {
                "pending": 1
              },
              "cohortStateCounts": {
                "pending": 1
              },
              "cohorts": 1,
              "matureCohorts": 0,
              "minMatureCohortsAdvisory": 12,
              "sampleAdvisory": "insufficient_sample",
              "stats": null
            }
          },
          "signalBarMissingNow": 0,
          "signalBarRevised": 0,
          "signals": 20
        }
      },
      "configFingerprint": "766c159dd595c0a621fa1c36e1e54e497d08c50e576b3f38411bcfd6e92ff7b3",
      "coverage": {
        "completedSessions": [
          "2026-10-02"
        ],
        "expectedSessions": [
          "2026-10-02"
        ],
        "missingSessions": [],
        "notEvaluatedSessions": [],
        "rejectedReasons": {},
        "runStatusCounts": {
          "completed": 2
        },
        "sessions": [
          {
            "candidates": {
              "quality_growth_trend": {
                "noSignalReasons": {
                  "below_sma200": 508,
                  "fundamentals_discrete_missing": 5,
                  "fundamentals_insufficient_quarters": 1,
                  "fundamentals_missing": 6,
                  "fundamentals_net_income_growth_below_minimum": 22,
                  "fundamentals_prior_ttm_net_income_not_positive": 16,
                  "fundamentals_quarter_gap": 6,
                  "fundamentals_revenue_growth_below_minimum": 24,
                  "fundamentals_stale": 36,
                  "fundamentals_ttm_net_income_not_positive": 18,
                  "momentum_not_positive": 9,
                  "outside_top_n": 24,
                  "sma200_not_rising": 50,
                  "sma50_not_above_sma200": 107
                },
                "notApplicable": {},
                "signalsObserved": 20,
                "storedNewSignals": 20
              },
              "trend_momentum": {
                "noSignalReasons": {
                  "below_sma200": 508,
                  "momentum_not_positive": 9,
                  "outside_top_n": 158,
                  "sma200_not_rising": 50,
                  "sma50_not_above_sma200": 107
                },
                "notApplicable": {},
                "signalsObserved": 20,
                "storedNewSignals": 20
              }
            },
            "evaluatedCount": 852,
            "exclusions": {
              "below_min_close": 52,
              "below_min_turnover": 1451,
              "halted_suspect": 23,
              "insufficient_history": 84,
              "price_discontinuity": 15,
              "stale_latest_bar": 1
            },
            "expected": true,
            "failureReasons": {},
            "representativeObservedAt": "2026-10-05T02:45:34.637668+00:00",
            "representativeRunId": 2,
            "runCount": 2,
            "runStatusCounts": {
              "completed": 2
            },
            "session": "2026-10-02",
            "state": "evaluated_with_signals",
            "universeCount": 2478
          }
        ],
        "stateCounts": {
          "evaluated_with_signals": 1
        }
      },
      "isCurrentConfig": true
    }
  ],
  "generatedAt": "2026-10-05T02:48:50.715707+00:00",
  "limitations": [
    "kr_candles_1d에는 KRX 수정주가·액면분할 계수가 없다. 260세션 안에서 세션 간 시가·종가가 직전 종가 대비 35%를 넘게 움직인 종목은 관측에서 제외하고, 성과 구간의 35% 초과 변동 표본은 price_discontinuity로 통계에서 뺀다. 그보다 작은 기업행동은 구분하지 못해 12-1 모멘텀과 성과가 왜곡될 수 있다.",
    "재무 테이블은 정정 이력을 보존하지 않는다. 신호에는 관측 당시 읽은 분기 값·공시일을 그대로 저장하지만, 과거 시점을 재현해 검증한 것은 아니다. filing_date <= S 기준이라 공시 시각(장중/장후)은 구분하지 않는다.",
    "유니버스는 관측 시점 kr_symbol_universe 보통주 정의(현재 상장 종목)라 생존 편향이 있다. 이후 상장폐지·거래정지된 종목의 성과 봉이 없으면 entry_missing/bar_missing으로 남고 통계에서 빠진다.",
    "가상 진입은 다음 세션 시가 전량 체결을 가정한다. 진입~청산 봉의 가격 양수·OHLC 정합을 먼저 검사해 어긋나면 invalid_bar, 진입 세션 거래량 0은 entry_untradable, 청산 세션 거래량 0은 exit_untradable로 통계에서 뺀다. 시가 상·하한가 잠김처럼 거래가 있었어도 체결되지 않았을 수 있는 경우는 구분하지 못한다.",
    "벤치마크는 같은 세션 관측에서 대상·품질 필터를 통과한 전 종목(evaluated_symbols)의 동일가중 평균이다. 벤치마크 구성원이 후보 코호트 종목을 포함하고, 코호트 간 보유 기간이 겹쳐 초과수익의 표준오차를 이 리포트로 판단할 수 없다.",
    "일봉은 이후 재적재될 수 있다. 관측 시점 신호봉과 현재 봉의 가격·source가 다르면 signal_bar_revised로 세고 저장된 관측 시점 값은 바꾸지 않는다."
  ],
  "period": {
    "lastFinalSession": "2026-10-02",
    "since": "2026-10-02",
    "unit": "trading_sessions",
    "until": "2026-10-02"
  },
  "schemaVersion": "kasset.longterm-shadow-report.v1"
}
REPORT_EXIT=0
